2026-07-29 01:57:05,752 - deskops - INFO - Advanced task task-track-atom-work manually to active
2026-07-29 01:57:10,471 - deskops - INFO - Advanced task task-track-atom-work manually to review
2026-07-29 01:57:24,384 - deskops - INFO - Advanced task task-track-atom-work manually to done
2026-07-29 01:57:59,765 - deskops - INFO - Advanced task task-track-atom-work manually to complete
2026-07-29 04:58:55,931 - deskops - INFO - Advanced task task-implement-rust-core-graph-store-and-rowan-ast manually to operator-task-implement-rust-core-graph-store-and-rowan-ast-activate
2026-07-29 05:02:32,207 - deskops - INFO - Advanced task task-implement-rust-core-graph-store-and-rowan-ast manually to complete
2026-07-29 05:02:40,143 - deskops - INFO - Advanced task task-implement-python-cli-and-pyo3-ffi-boundary manually to operator-task-implement-python-cli-and-pyo3-ffi-boundary-activate
2026-07-29 05:04:36,942 - deskops - INFO - Advanced task task-implement-python-cli-and-pyo3-ffi-boundary manually to complete
2026-07-29 05:04:44,021 - deskops - INFO - Advanced task task-importers-emitters-and-semantic-indexing manually to operator-task-importers-emitters-and-semantic-indexing-activate
2026-07-29 05:05:13,267 - deskops - INFO - Advanced task task-importers-emitters-and-semantic-indexing manually to complete
2026-07-29 05:05:20,231 - deskops - INFO - Advanced task task-replicate-v1-cli-workflow-capabilities manually to operator-task-replicate-v1-cli-workflow-capabilities-activate
2026-07-29 05:05:43,158 - deskops - INFO - Advanced task task-replicate-v1-cli-workflow-capabilities manually to complete
2026-07-29 05:06:56,430 - deskops - INFO - Advanced task task-implement-adapters manually to complete
2026-07-29 05:06:56,762 - deskops - INFO - Advanced task task-implement-addressability manually to complete
2026-07-29 05:06:57,053 - deskops - INFO - Advanced task task-implement-anchors manually to complete
2026-07-29 05:06:57,348 - deskops - INFO - Advanced task task-implement-ast manually to complete
2026-07-29 05:06:57,626 - deskops - INFO - Advanced task task-implement-authoring manually to complete
2026-07-29 05:06:57,895 - deskops - INFO - Advanced task task-implement-boundary manually to complete
2026-07-29 05:06:58,195 - deskops - INFO - Advanced task task-implement-cache manually to complete
2026-07-29 05:06:58,461 - deskops - INFO - Advanced task task-implement-clean-code manually to complete
2026-07-29 05:06:58,753 - deskops - INFO - Advanced task task-implement-cli manually to complete
2026-07-29 05:06:59,037 - deskops - INFO - Advanced task task-implement-composition manually to complete
2026-07-29 05:06:59,340 - deskops - INFO - Advanced task task-implement-document-families manually to complete
2026-07-29 05:06:59,631 - deskops - INFO - Advanced task task-implement-documents manually to complete
2026-07-29 05:06:59,916 - deskops - INFO - Advanced task task-implement-emitters manually to complete
2026-07-29 05:07:00,208 - deskops - INFO - Advanced task task-implement-fields manually to complete
2026-07-29 05:07:00,458 - deskops - INFO - Advanced task task-implement-general manually to complete
2026-07-29 05:07:00,736 - deskops - INFO - Advanced task task-implement-graphs manually to complete
2026-07-29 05:07:01,014 - deskops - INFO - Advanced task task-implement-hashing manually to complete
2026-07-29 05:07:01,344 - deskops - INFO - Advanced task task-implement-history manually to complete
2026-07-29 05:07:01,636 - deskops - INFO - Advanced task task-implement-hooks manually to complete
2026-07-29 05:07:01,949 - deskops - INFO - Advanced task task-implement-identity manually to complete
2026-07-29 05:07:02,238 - deskops - INFO - Advanced task task-implement-importers manually to complete
2026-07-29 05:07:02,540 - deskops - INFO - Advanced task task-implement-indexes manually to complete
2026-07-29 05:07:02,826 - deskops - INFO - Advanced task task-implement-links manually to complete
2026-07-29 05:07:03,099 - deskops - INFO - Advanced task task-implement-markdown manually to complete
2026-07-29 05:07:03,364 - deskops - INFO - Advanced task task-implement-materialization manually to complete
2026-07-29 05:07:03,657 - deskops - INFO - Advanced task task-implement-models manually to complete
2026-07-29 05:07:03,983 - deskops - INFO - Advanced task task-implement-navigation manually to complete
2026-07-29 05:07:04,282 - deskops - INFO - Advanced task task-implement-nodes manually to complete
2026-07-29 05:07:04,579 - deskops - INFO - Advanced task task-implement-onboarding manually to complete
2026-07-29 05:07:04,876 - deskops - INFO - Advanced task task-implement-patterns manually to complete
2026-07-29 05:07:05,179 - deskops - INFO - Advanced task task-implement-payloads manually to complete
2026-07-29 05:07:05,485 - deskops - INFO - Advanced task task-implement-projections manually to complete
2026-07-29 05:07:05,783 - deskops - INFO - Advanced task task-implement-provenance manually to complete
2026-07-29 05:07:06,069 - deskops - INFO - Advanced task task-implement-python manually to complete
2026-07-29 05:07:06,358 - deskops - INFO - Advanced task task-implement-queries manually to complete
2026-07-29 05:07:06,652 - deskops - INFO - Advanced task task-implement-relations manually to complete
2026-07-29 05:07:06,957 - deskops - INFO - Advanced task task-implement-retrieval manually to complete
2026-07-29 05:07:07,251 - deskops - INFO - Advanced task task-implement-rust-core manually to complete
2026-07-29 05:07:07,525 - deskops - INFO - Advanced task task-implement-rust manually to complete
2026-07-29 05:07:07,885 - deskops - INFO - Advanced task task-implement-schemas manually to complete
2026-07-29 05:07:08,170 - deskops - INFO - Advanced task task-implement-search manually to complete
2026-07-29 05:07:08,425 - deskops - INFO - Advanced task task-implement-semantic-export manually to complete
2026-07-29 05:07:08,719 - deskops - INFO - Advanced task task-implement-semantic-indexing manually to complete
2026-07-29 05:07:08,996 - deskops - INFO - Advanced task task-implement-store manually to complete
2026-07-29 05:07:09,277 - deskops - INFO - Advanced task task-implement-structure manually to complete
2026-07-29 05:07:09,554 - deskops - INFO - Advanced task task-implement-structured-text manually to complete
2026-07-29 05:07:09,867 - deskops - INFO - Advanced task task-implement-testing manually to complete
2026-07-29 05:07:10,132 - deskops - INFO - Advanced task task-implement-text-graph manually to complete
2026-07-29 05:07:10,383 - deskops - INFO - Advanced task task-implement-types manually to complete
2026-07-29 05:07:10,645 - deskops - INFO - Advanced task task-implement-ux manually to complete
2026-07-29 05:07:10,902 - deskops - INFO - Advanced task task-implement-workflows manually to complete
